dfsdfs
fdf
dfdf
dsddsdsds
new
dssssss
